// Jest Snapshot v1, https://goo.gl/fbAQLP

exports[`test-react 1`] = `
Array [
  <ul
    data-testid="list"
  >
    <li>
      张三
    </li>
    <li>
      李四
    </li>
    <li>
      王武
    </li>
  </ul>,
]
`;
